[backblue.gif]
[fade.gif]
[index.html]
[kiviki.in/images/favicon/apple-touch-icon.png]
[kiviki.in/images/favicon/favicon-32x32.png]
[kiviki.in/images/favicon/favicon-16x16.png]
[kiviki.in/js/jquery-3.5.1.min.js]
[kiviki.in/images/loader.png]
[kiviki.in/images/logo-dark.png]
[kiviki.in/images/main-slider/main-slider-1-1.jpg]
[kiviki.in/images/icons/about-bg-icon-1-1.png]
[kiviki.in/images/pages/about-1.jpg]
[kiviki.in/images/pages/about-2.jpg]
[kiviki.in/images/slider/cleanse.jpg]
[kiviki.in/images/slider/fruitify.jpg]
[kiviki.in/images/slider/fuel.jpg]
[kiviki.in/images/slider/green-magic.jpg]
[kiviki.in/images/slider/shred.jpg]
[kiviki.in/images/icons/testimonials-bg-1-1.png]
[kiviki.in/images/testimonials/1.jpg]
[kiviki.in/images/testimonials/2.jpg]
[kiviki.in/images/pages/contact-1.jpg]
[kiviki.in/images/logo-light.png]
[kiviki.in/js/bootstrap.bundle.min.js]
[kiviki.in/js/swiper.min.js]
[kiviki.in/js/bootstrap-select.min.js]
[kiviki.in/js/wow.js]
[kiviki.in/js/odometer.min.js]
[kiviki.in/js/jquery.appear.min.js]
[kiviki.in/js/jarallax.min.js]
[kiviki.in/js/circle-progress.min.js]
[kiviki.in/js/wNumb.min.js]
[kiviki.in/js/nouislider.min.js]
[kiviki.in/js/theme.js]
[cdnjs.cloudflare.com/ajax/libs/jquery-toast-plugin/1.3.2/jquery.toast.min.css]
[kiviki.in/index.html]
[cdnjs.cloudflare.com/ajax/libs/jquery-toast-plugin/1.3.2/jquery.toast.min.js]
[kiviki.in/images/favicon/site.html]
[fonts.gstatic.com/index.html]
[fonts.googleapis.com/css27e36.css]
[www.gstatic.com/firebasejs/6.0.2/firebase.js]
[kiviki.in/login.html]
[kiviki.in/register.html]
[kiviki.in/images/products/cleanse-juice.jpg]
[kiviki.in/images/products/green-magic-juice.jpg]
[kiviki.in/images/products/fuel-juice.jpg]
[kiviki.in/images/products/shred-juice.jpg]
[kiviki.in/images/products/fruitify-juice.jpg]
[kiviki.in/subscribe.html]
[kiviki.in/images/backgrounds/breadcrumb.jpg]
[kiviki.in/images/icons/team-bg-1-1.png]
[kiviki.in/about.html]
[kiviki.in/juices.html]
[kiviki.in/contact.html]
[kiviki.in/cart.html]
[kiviki.in/terms-of-use.html]
[kiviki.in/privacy-policy.html]
[kiviki.in/images/favicon/site.html]
[kiviki.in/images/favicon/safari-pinned-tab.svg]
[kiviki.in/css/bootstrap.min.css]
[kiviki.in/fonts/fa-brands-400.eot]
[kiviki.in/fonts/fa-brands-400.woff2]
[kiviki.in/fonts/fa-brands-400.woff]
[kiviki.in/fonts/fa-brands-400.ttf]
[kiviki.in/fonts/fa-light-300.eot]
[kiviki.in/fonts/fa-light-300.woff2]
[kiviki.in/fonts/fa-light-300.woff]
[kiviki.in/fonts/fa-light-300.ttf]
[kiviki.in/fonts/fa-regular-400.eot]
[kiviki.in/fonts/fa-regular-400.woff2]
[kiviki.in/fonts/fa-regular-400.woff]
[kiviki.in/fonts/fa-regular-400.ttf]
[kiviki.in/fonts/fa-solid-900.eot]
[kiviki.in/fonts/fa-solid-900.woff2]
[kiviki.in/fonts/fa-solid-900.woff]
[kiviki.in/fonts/fa-solid-900.ttf]
[kiviki.in/css/fontawesome-all.min.css]
[kiviki.in/css/swiper.min.css]
[cdnjs.cloudflare.com/ajax/libs/jquery-toast-plugin/1.3.2/jquery.toast.min.js]
[kiviki.in/css/animate.min.css]
[kiviki.in/css/odometer.min.css]
[kiviki.in/css/jarallax.css]
[kiviki.in/css/magnific-popup.css]
[kiviki.in/css/bootstrap-select.min.css]
[kiviki.in/fonts/fa-brands-400d41d.eot]
[kiviki.in/fonts/agrikon-icon0ef8.eot]
[kiviki.in/fonts/agrikon-icon0ef8.ttf]
[kiviki.in/fonts/fa-light-300d41d.eot]
[kiviki.in/fonts/agrikon-icon0ef8.woff]
[kiviki.in/css/agrikon-icons.css]
[kiviki.in/css/nouislider.min.css]
[kiviki.in/fonts/fa-regular-400d41d.eot]
[kiviki.in/css/nouislider.pips.css]
[kiviki.in/images/shapes/ripped-paper-white-up.png]
[kiviki.in/images/shapes/ripped-paper-header-1.png]
[kiviki.in/fonts/fa-solid-900d41d.eot]
[www.gstatic.com/firebasejs/6.0.2/firebase.js]
[kiviki.in/images/shapes/header-arrow-1-1.png]
[kiviki.in/images/shapes/banner-1-shape-1.png]
[kiviki.in/images/shapes/ripped-paper-slider-2.png]
[kiviki.in/images/icons/main-slider-icon-2-1.png]
[kiviki.in/images/icons/main-slider-icon-2-2.png]
[kiviki.in/images/shapes/ripped-paper-base-2.png]
[kiviki.in/images/shapes/ripped-paper-base.png]
[kiviki.in/images/shapes/ripped-paper-primary-up.png]
[kiviki.in/images/shapes/ripped-paper-gray-up.png]
[kiviki.in/images/shapes/about-circle-1-1.png]
[kiviki.in/images/shapes/ripped-paper-testimonials-1.png]
[kiviki.in/css/main.css]
[kiviki.in/css/custom.css]
[kiviki.in/login.html]
[kiviki.in/subscribe.html]
[kiviki.in/terms-of-use.html]
[cdnjs.cloudflare.com/ajax/libs/jquery-toast-plugin/1.3.2/jquery.toast.min.css]
[kiviki.in/fonts/fa-brands-400.svg]
[kiviki.in/fonts/fa-light-300.svg]
[kiviki.in/fonts/fa-regular-400.svg]
[kiviki.in/fonts/fa-solid-900.svg]
[kiviki.in/fonts/agrikon-icon0ef8.svg]
